
M	MapReduceLfile:/E:/work_test/MyWorkTest/worktest/src/main/resources/daopaisort/1.txt:1MisLfile:/E:/work_test/MyWorkTest/worktest/src/main/resources/daopaisort/1.txt:2	MpowerfulLfile:/E:/work_test/MyWorkTest/worktest/src/main/resources/daopaisort/1.txt:1MsimpleLfile:/E:/work_test/MyWorkTest/worktest/src/main/resources/daopaisort/1.txt:1ÿÿO$­