
	MapReduce1.txt:1is1.txt:2	powerful1.txt:1simple1.txt:1ÿÿÝ¿ap